A LOGGING EXAMPLE
2026-04-03 14:51:41.688 | INFO     | Example-Deesse  >>> sys.version_info(major=3, minor=13, micro=7, releaselevel='final', serial=0)
2026-04-03 14:51:41.688 | INFO     | Example-Deesse  >>> geone version: 1.3.3
2026-04-03 14:51:41.688 | INFO     | Example-Deesse  >>> Loading data
2026-04-03 14:51:41.696 | INFO     | Example-Deesse  >>> Input for deesse
2026-04-03 14:51:41.697 | INFO     | Example-Deesse  >>> Running deesse
2026-04-03 14:51:41.697 | INFO     | Example-Deesse  >>> deesseRun: DeeSse running... [VERSION 3.2 / BUILD NUMBER 20230914 / OpenMP 8 thread(s)]
2026-04-03 14:51:44.241 | INFO     | Example-Deesse  >>> deesseRun: DeeSse run complete
2026-04-03 14:51:44.241 | INFO     | Example-Deesse  >>> Elapsed time: 2.5 sec
2026-04-03 14:51:44.937 | INFO     | Example-Kriging-SGS >>> Set-up: 1D grid, data
2026-04-03 14:51:44.938 | INFO     | Example-Kriging-SGS >>> Set covariance model
2026-04-03 14:51:44.938 | INFO     | Example-Kriging-SGS >>> *** CovModel1D object ***
name = 'cov model'
number of elementary contribution(s): 1
elementary contribution 0
    type: matern
    parameters:
        w = 7.0
        r = 150
        nu = 2.0
*****
2026-04-03 14:51:44.938 | INFO     | Example-Kriging-SGS >>> Kriging
2026-04-03 14:51:44.939 | INFO     | Example-Kriging-SGS >>> estimate: pre-process data done: final number of data points : 5, inequality data points: 2
2026-04-03 14:51:44.939 | INFO     | Example-Kriging-SGS >>> estimate: computational resources: nthreads = 8, nproc_sgs_at_ineq = 8
2026-04-03 14:51:44.939 | INFO     | Example-Kriging-SGS >>> estimate: (Step 1.1) do sgs at inequality data points (100 simulation(s) at 2 points)...
2026-04-03 14:51:45.301 | INFO     | Example-Kriging-SGS >>> estimate: (Step 1.2) transform inequality data to equality data with error std...
2026-04-03 14:51:45.302 | INFO     | Example-Kriging-SGS >>> estimate: (Step 2) set new dataset gathering data and inequality data locations...
2026-04-03 14:51:45.302 | INFO     | Example-Kriging-SGS >>> estimate: (Step 3) do kriging at the center of grid cells containing at least one data point...
2026-04-03 14:51:45.304 | INFO     | Example-Kriging-SGS >>> estimate: (Step 4) do kriging on the grid (at cell centers) using data points at cell centers...
2026-04-03 14:51:45.304 | INFO     | Example-Kriging-SGS >>> estimate: call `run_MPDSOMPGeosClassicSim` [1 process of 8 thread(s) (OpenMP)] ...
2026-04-03 14:51:45.307 | INFO     | Example-Kriging-SGS >>> estimate: `run_MPDSOMPGeosClassicSim` [1 process] complete
2026-04-03 14:51:45.308 | INFO     | Example-Kriging-SGS >>> Elapsed time: 0.37 sec
2026-04-03 14:51:45.308 | INFO     | Example-Kriging-SGS >>> SGS
2026-04-03 14:51:45.309 | INFO     | Example-Kriging-SGS >>> simulate: pre-process data done: final number of data points : 5, inequality data points: 2
2026-04-03 14:51:45.309 | INFO     | Example-Kriging-SGS >>> simulate: computational resources: nproc = 8, nthreads_per_proc = 1, nproc_sgs_at_ineq = 8
2026-04-03 14:51:45.309 | INFO     | Example-Kriging-SGS >>> simulate: (Step 1.1) do sgs at inequality data points (200 simulation(s) at 2 points)...
2026-04-03 14:51:45.987 | INFO     | Example-Kriging-SGS >>> simulate: (Step 2-4) call `_run_krige_and_MPDSOMPGeosClassicSim` [8 process(es) of 1 thread(s) (OpenMP)] ...
2026-04-03 14:51:47.921 | INFO     | Example-Kriging-SGS >>> simulate: `_run_krige_and_MPDSOMPGeosClassicSim` [8 process(es)] complete
2026-04-03 14:51:47.922 | INFO     | Example-Kriging-SGS >>> Elapsed time: 2.6 sec
2026-04-03 14:51:48.076 | INFO     | Example-End     >>> All done!
